{
	"name": "exected_example",
	"version": "0.0.1",
	"description": "Example showcasing how one can use expected",
	"type": "binary"
}